MPLINK 4.49, Linker
Linker Map File - Created Fri May 23 10:56:46 2014

                                 Section Info
                  Section       Type    Address   Location Size(Bytes)
                ---------  ---------  ---------  ---------  ---------
                   .org_0       code   0x000000    program   0x000000
                   .org_1       code   0x000000    program   0x000002
                   .org_2       code   0x000004    program   0x000002
                   .org_3       code   0x000005    program   0x000078



                              Program Memory Usage 
                               Start         End      
                           ---------   ---------      
                            0x000000    0x000000      
                            0x000004    0x000040      
            62 out of 8455 program addresses used, program memory utilization is 0%



                              Symbols - Sorted by Name
                     Name    Address   Location    Storage File                     
                ---------  ---------  ---------  --------- ---------                
                    delay   0x000030    program     static C:\Users\Joe\MPLAB PROJECTS\Lab4\Lab4.asm
                     init   0x000005    program     static C:\Users\Joe\MPLAB PROJECTS\Lab4\Lab4.asm
                      isr   0x000027    program     static C:\Users\Joe\MPLAB PROJECTS\Lab4\Lab4.asm
                     isrI   0x000033    program     static C:\Users\Joe\MPLAB PROJECTS\Lab4\Lab4.asm
                     main   0x000025    program     static C:\Users\Joe\MPLAB PROJECTS\Lab4\Lab4.asm



                              Symbols - Sorted by Address
                     Name    Address   Location    Storage File                     
                ---------  ---------  ---------  --------- ---------                
                     init   0x000005    program     static C:\Users\Joe\MPLAB PROJECTS\Lab4\Lab4.asm
                     main   0x000025    program     static C:\Users\Joe\MPLAB PROJECTS\Lab4\Lab4.asm
                      isr   0x000027    program     static C:\Users\Joe\MPLAB PROJECTS\Lab4\Lab4.asm
                    delay   0x000030    program     static C:\Users\Joe\MPLAB PROJECTS\Lab4\Lab4.asm
                     isrI   0x000033    program     static C:\Users\Joe\MPLAB PROJECTS\Lab4\Lab4.asm


